
> backend@1.0.0 start
> node server.js

[2026-09-18T14:54:27.726Z] [INFO] [ENV] Play Store review access enabled { email: 'demo@test.com', phoneConfigured: true, otpConfigured: true }
[2026-09-18T14:54:27.728Z] [INFO] [ENV] non-production configuration loaded { nodeEnv: 'review' }
[2026-09-18T14:54:44.704Z] [INFO] [APP][BOOT] ensured upload directories
[2026-09-18T14:54:44.706Z] [INFO] [APP][BOOT] CORS configured { mode: 'allowlist', originCount: 2 }
[2026-09-18T14:54:45.102Z] [INFO] [DB] MongoDB connected
[2026-09-18T14:54:45.102Z] [INFO] [DevicePresenceMonitor] started { intervalMs: 10000, offlineThresholdMs: 90000 }
[2026-09-18T14:54:45.109Z] [INFO] [SERVER][BOOT] API listening { port: 5000 }
[0mGET /health [32m200[0m 1.308 ms - 50[0m
[2026-09-18T15:37:41.601Z] [LOGIN][REQUEST_OTP] started { identifier: '+917692937264' }
[OTP DEBUG] purpose=login channel=sms to=+917692937264 code=2348
[2026-09-18T15:37:42.568Z] [OTP][SMSFORTIUS_HELPER] provider_response {
  to: '+917692937264',
  number: '7692937264',
  response: {
    status: 'Success',
    code: '011',
    description: 'Message submitted successfully',
    data: { messageid: '22744', totnumber: 1, totalcredit: 1 }
  }
}
[2026-09-18T15:37:42.568Z] [OTP][SMS] sent_via_new_provider { to: '+917692937264' }
[2026-09-18T15:37:42.568Z] [OTP][SMS] sent { to: '+917692937264', provider: 'custom_sms_provider' }
[2026-09-18T15:37:42.601Z] [LOGIN][REQUEST_OTP] otp sent {
  identifier: '+917692937264',
  otpSessionId: '6aad5ac54a2e12e1c3744d92',
  isExisting: true
}
[0mPOST /api/v1/auth/request-otp [32m200[0m 1007.776 ms - 164[0m
[2026-09-18T15:37:57.641Z] [LOGIN][VERIFY_OTP] started {
  identifier: '+917692937264',
  otpSessionId: '6aad5ac54a2e12e1c3744d92'
}
[2026-09-18T15:37:57.873Z] [AUTH][TOKEN] issued {
  userId: '6a8aa9d8f890a1e601630c67',
  sessionJti: 'xKLO8X3rWL1Fe_POLB_m4xRG'
}
[2026-09-18T15:37:57.895Z] [LOGIN][VERIFY_OTP] success {
  userId: '6a8aa9d8f890a1e601630c67',
  otpSessionId: '6aad5ac54a2e12e1c3744d92',
  isNewUser: false
}
[0mPOST /api/v1/auth/verify-otp [32m200[0m 256.080 ms - 855[0m
[0mGET /api/v1/devices/linked/summary [32m200[0m 41.685 ms - 591[0m
[0mGET /api/v1/sms/deliveries/upcoming?skip=0&limit=50 [32m200[0m 205.888 ms - -[0m
[2026-09-18T15:37:59.927Z] [PUSH] fcm_token_saved {
  userId: '6a8aa9d8f890a1e601630c67',
  platform: 'android',
  tokenPreview: 'f9ulJIjjRnun',
  tokenCount: 1
}
[2026-09-18T15:37:59.948Z] [PUSH] fcm_token_saved {
  userId: '6a8aa9d8f890a1e601630c67',
  platform: 'android',
  tokenPreview: 'f9ulJIjjRnun',
  tokenCount: 1
}
[0mPOST /api/v1/users/me/fcm-token [32m200[0m 151.006 ms - 30[0m
[0mPOST /api/v1/users/me/fcm-token [32m200[0m 122.176 ms - 30[0m
[0mGET /api/v1/sms/stats [32m200[0m 68.995 ms - 430[0m
[2026-09-18T15:38:00.139Z] [PUSH] fcm_token_saved {
  userId: '6a8aa9d8f890a1e601630c67',
  platform: 'android',
  tokenPreview: 'f9ulJIjjRnun',
  tokenCount: 2
}
[2026-09-18T15:38:00.157Z] [PUSH] fcm_token_saved {
  userId: '6a8aa9d8f890a1e601630c67',
  platform: 'android',
  tokenPreview: 'f9ulJIjjRnun',
  tokenCount: 2
}
[0mPOST /api/v1/users/me/fcm-token [32m200[0m 130.372 ms - 30[0m
[0mPOST /api/v1/users/me/fcm-token [32m200[0m 144.201 ms - 30[0m
[0mGET /api/v1/sms/deliveries/history?skip=0&limit=50 [32m200[0m 71.622 ms - 71[0m
[0mGET /api/v1/users/me [32m200[0m 46.938 ms - 555[0m
[0mDELETE /api/v1/users/me/fcm-token [32m200[0m 79.449 ms - 30[0m
[2026-09-18T15:38:07.713Z] [INFO] [AUTH][LOGOUT_ALL] request received { userId: '6a8aa9d8f890a1e601630c67', hasClientFcmToken: true }
[2026-09-18T15:38:07.739Z] [INFO] [AUTH][LOGOUT_ALL] all push tokens cleared {
  userId: '6a8aa9d8f890a1e601630c67',
  matchedCount: 1,
  modifiedCount: 1
}
[2026-09-18T15:38:07.815Z] [AUTH][LOGOUT_ALL] success { userId: '6a8aa9d8f890a1e601630c67' }
[0mPOST /api/v1/auth/logout-all [32m200[0m 126.903 ms - 52[0m
